// 重构日志: d3c528dd
// 重构日志: 8c619741
// 同步 ID: d45922b2 @ Tue Jul 28 12:28:41 UTC 2026
// 重构日志: a1e39231
// 同步 ID: 03c318b7 @ Wed Jul 29 06:54:09 UTC 2026
// 重构日志: 37fa6431
// 重构日志: cb31555e
// 重构日志: c29ec531
// 重构日志: 4c3321cc
// 重构日志: f8b3b94b
// 重构日志: 36c4688d
// 同步 ID: d987c581 @ Sat Aug  1 07:07:03 UTC 2026
// 重构日志: 5e1684d3
// 同步 ID: dd811e09 @ Sat Aug  1 14:38:05 UTC 2026
// 重构日志: f05603a4
// 重构日志: 1ec5b8ec
// 重构日志: 70a57873
// 重构日志: dfc18e2d
// 重构日志: 6c339ee4
// 重构日志: cf3ea705
// 重构日志: 936e63b4
// 重构日志: 03cb6cdd
// 重构日志: 8f403d32
// 重构日志: a3e09744
// 同步 ID: 33837bf8 @ Fri Aug  7 10:23:30 UTC 2026
// 重构日志: f33d88b2
// 重构日志: 4cdcaf01
// 同步 ID: 1cf3a690 @ Sat Aug  8 05:57:33 UTC 2026
// 重构日志: 67522834
// 同步 ID: 58362753 @ Sat Aug  8 10:01:43 UTC 2026
